  Determining projects to restore...
  All projects are up-to-date for restore.
  YabosenStatus.Shared -> C:\Users\razva\Documents\GitHub\Yabosen-Live-test\YabosenStatus.Shared\bin\Debug\net8.0\YabosenStatus.Shared.dll
C:\Users\razva\Documents\GitHub\Yabosen-Live-test\YabosenStatus.Windows\obj\Debug\net8.0-windows10.0.19041.0\win10-x64\intermediatexaml\WinRT.SourceGenerator\Generator.WinRTAotSourceGenerator\WinRTGenericInstantiation.g.cs(14,32): error CS0227: Unsafe code may only appear if compiling with /unsafe [C:\Users\razva\Documents\GitHub\Yabosen-Live-test\YabosenStatus.Windows\YabosenStatus.Windows.csproj]
C:\Users\razva\Documents\GitHub\Yabosen-Live-test\YabosenStatus.Windows\obj\Debug\net8.0-windows10.0.19041.0\win10-x64\intermediatexaml\WinRT.SourceGenerator\Generator.WinRTAotSourceGenerator\WinRTGenericInstantiation.g.cs(22,31): error CS0227: Unsafe code may only appear if compiling with /unsafe [C:\Users\razva\Documents\GitHub\Yabosen-Live-test\YabosenStatus.Windows\YabosenStatus.Windows.csproj]
C:\Users\razva\Documents\GitHub\Yabosen-Live-test\YabosenStatus.Windows\obj\Debug\net8.0-windows10.0.19041.0\win10-x64\intermediatexaml\WinRT.SourceGenerator\Generator.WinRTAotSourceGenerator\WinRTGenericInstantiation.g.cs(76,32): error CS0227: Unsafe code may only appear if compiling with /unsafe [C:\Users\razva\Documents\GitHub\Yabosen-Live-test\YabosenStatus.Windows\YabosenStatus.Windows.csproj]
C:\Users\razva\Documents\GitHub\Yabosen-Live-test\YabosenStatus.Windows\obj\Debug\net8.0-windows10.0.19041.0\win10-x64\intermediatexaml\WinRT.SourceGenerator\Generator.WinRTAotSourceGenerator\WinRTGenericInstantiation.g.cs(84,31): error CS0227: Unsafe code may only appear if compiling with /unsafe [C:\Users\razva\Documents\GitHub\Yabosen-Live-test\YabosenStatus.Windows\YabosenStatus.Windows.csproj]
C:\Users\razva\Documents\GitHub\Yabosen-Live-test\YabosenStatus.Windows\obj\Debug\net8.0-windows10.0.19041.0\win10-x64\intermediatexaml\WinRT.SourceGenerator\Generator.WinRTAotSourceGenerator\WinRTGenericInstantiation.g.cs(45,32): error CS0227: Unsafe code may only appear if compiling with /unsafe [C:\Users\razva\Documents\GitHub\Yabosen-Live-test\YabosenStatus.Windows\YabosenStatus.Windows.csproj]
C:\Users\razva\Documents\GitHub\Yabosen-Live-test\YabosenStatus.Windows\obj\Debug\net8.0-windows10.0.19041.0\win10-x64\intermediatexaml\WinRT.SourceGenerator\Generator.WinRTAotSourceGenerator\WinRTGenericInstantiation.g.cs(53,31): error CS0227: Unsafe code may only appear if compiling with /unsafe [C:\Users\razva\Documents\GitHub\Yabosen-Live-test\YabosenStatus.Windows\YabosenStatus.Windows.csproj]
C:\Users\razva\Documents\GitHub\Yabosen-Live-test\YabosenStatus.Windows\obj\Debug\net8.0-windows10.0.19041.0\win10-x64\intermediatexaml\WinRT.SourceGenerator\Generator.WinRTAotSourceGenerator\WinRTGenericInstantiation.g.cs(107,32): error CS0227: Unsafe code may only appear if compiling with /unsafe [C:\Users\razva\Documents\GitHub\Yabosen-Live-test\YabosenStatus.Windows\YabosenStatus.Windows.csproj]
C:\Users\razva\Documents\GitHub\Yabosen-Live-test\YabosenStatus.Windows\obj\Debug\net8.0-windows10.0.19041.0\win10-x64\intermediatexaml\WinRT.SourceGenerator\Generator.WinRTAotSourceGenerator\WinRTGenericInstantiation.g.cs(118,31): error CS0227: Unsafe code may only appear if compiling with /unsafe [C:\Users\razva\Documents\GitHub\Yabosen-Live-test\YabosenStatus.Windows\YabosenStatus.Windows.csproj]
C:\Users\razva\Documents\GitHub\Yabosen-Live-test\YabosenStatus.Windows\obj\Debug\net8.0-windows10.0.19041.0\win10-x64\intermediatexaml\WinRT.SourceGenerator\Generator.WinRTAotSourceGenerator\WinRTGenericInstantiation.g.cs(138,31): error CS0227: Unsafe code may only appear if compiling with /unsafe [C:\Users\razva\Documents\GitHub\Yabosen-Live-test\YabosenStatus.Windows\YabosenStatus.Windows.csproj]
C:\Users\razva\Documents\GitHub\Yabosen-Live-test\YabosenStatus.Windows\obj\Debug\net8.0-windows10.0.19041.0\win10-x64\intermediatexaml\WinRT.SourceGenerator\Generator.WinRTAotSourceGenerator\WinRTGenericInstantiation.g.cs(160,31): error CS0227: Unsafe code may only appear if compiling with /unsafe [C:\Users\razva\Documents\GitHub\Yabosen-Live-test\YabosenStatus.Windows\YabosenStatus.Windows.csproj]
C:\Users\razva\Documents\GitHub\Yabosen-Live-test\YabosenStatus.Windows\obj\Debug\net8.0-windows10.0.19041.0\win10-x64\intermediatexaml\WinRT.SourceGenerator\Generator.WinRTAotSourceGenerator\WinRTGenericInstantiation.g.cs(180,31): error CS0227: Unsafe code may only appear if compiling with /unsafe [C:\Users\razva\Documents\GitHub\Yabosen-Live-test\YabosenStatus.Windows\YabosenStatus.Windows.csproj]
C:\Users\razva\Documents\GitHub\Yabosen-Live-test\YabosenStatus.Windows\obj\Debug\net8.0-windows10.0.19041.0\win10-x64\intermediatexaml\WinRT.SourceGenerator\Generator.WinRTAotSourceGenerator\WinRTGenericInstantiation.g.cs(206,32): error CS0227: Unsafe code may only appear if compiling with /unsafe [C:\Users\razva\Documents\GitHub\Yabosen-Live-test\YabosenStatus.Windows\YabosenStatus.Windows.csproj]
C:\Users\razva\Documents\GitHub\Yabosen-Live-test\YabosenStatus.Windows\obj\Debug\net8.0-windows10.0.19041.0\win10-x64\intermediatexaml\WinRT.SourceGenerator\Generator.WinRTAotSourceGenerator\WinRTGenericInstantiation.g.cs(217,31): error CS0227: Unsafe code may only appear if compiling with /unsafe [C:\Users\razva\Documents\GitHub\Yabosen-Live-test\YabosenStatus.Windows\YabosenStatus.Windows.csproj]
C:\Users\razva\Documents\GitHub\Yabosen-Live-test\YabosenStatus.Windows\obj\Debug\net8.0-windows10.0.19041.0\win10-x64\intermediatexaml\WinRT.SourceGenerator\Generator.WinRTAotSourceGenerator\WinRTGenericInstantiation.g.cs(235,31): error CS0227: Unsafe code may only appear if compiling with /unsafe [C:\Users\razva\Documents\GitHub\Yabosen-Live-test\YabosenStatus.Windows\YabosenStatus.Windows.csproj]
C:\Users\razva\Documents\GitHub\Yabosen-Live-test\YabosenStatus.Windows\obj\Debug\net8.0-windows10.0.19041.0\win10-x64\intermediatexaml\WinRT.SourceGenerator\Generator.WinRTAotSourceGenerator\WinRTGenericInstantiation.g.cs(258,31): error CS0227: Unsafe code may only appear if compiling with /unsafe [C:\Users\razva\Documents\GitHub\Yabosen-Live-test\YabosenStatus.Windows\YabosenStatus.Windows.csproj]
C:\Users\razva\Documents\GitHub\Yabosen-Live-test\YabosenStatus.Windows\obj\Debug\net8.0-windows10.0.19041.0\win10-x64\intermediatexaml\WinRT.SourceGenerator\Generator.WinRTAotSourceGenerator\WinRTGenericInstantiation.g.cs(280,31): error CS0227: Unsafe code may only appear if compiling with /unsafe [C:\Users\razva\Documents\GitHub\Yabosen-Live-test\YabosenStatus.Windows\YabosenStatus.Windows.csproj]
C:\Users\razva\Documents\GitHub\Yabosen-Live-test\YabosenStatus.Windows\obj\Debug\net8.0-windows10.0.19041.0\win10-x64\intermediatexaml\WinRT.SourceGenerator\Generator.WinRTAotSourceGenerator\WinRTGenericInstantiation.g.cs(405,32): error CS0227: Unsafe code may only appear if compiling with /unsafe [C:\Users\razva\Documents\GitHub\Yabosen-Live-test\YabosenStatus.Windows\YabosenStatus.Windows.csproj]
C:\Users\razva\Documents\GitHub\Yabosen-Live-test\YabosenStatus.Windows\obj\Debug\net8.0-windows10.0.19041.0\win10-x64\intermediatexaml\WinRT.SourceGenerator\Generator.WinRTAotSourceGenerator\WinRTGenericInstantiation.g.cs(413,31): error CS0227: Unsafe code may only appear if compiling with /unsafe [C:\Users\razva\Documents\GitHub\Yabosen-Live-test\YabosenStatus.Windows\YabosenStatus.Windows.csproj]
C:\Users\razva\Documents\GitHub\Yabosen-Live-test\YabosenStatus.Windows\obj\Debug\net8.0-windows10.0.19041.0\win10-x64\intermediatexaml\WinRT.SourceGenerator\Generator.WinRTAotSourceGenerator\WinRTGenericInstantiation.g.cs(306,32): error CS0227: Unsafe code may only appear if compiling with /unsafe [C:\Users\razva\Documents\GitHub\Yabosen-Live-test\YabosenStatus.Windows\YabosenStatus.Windows.csproj]
C:\Users\razva\Documents\GitHub\Yabosen-Live-test\YabosenStatus.Windows\obj\Debug\net8.0-windows10.0.19041.0\win10-x64\intermediatexaml\WinRT.SourceGenerator\Generator.WinRTAotSourceGenerator\WinRTGenericInstantiation.g.cs(317,31): error CS0227: Unsafe code may only appear if compiling with /unsafe [C:\Users\razva\Documents\GitHub\Yabosen-Live-test\YabosenStatus.Windows\YabosenStatus.Windows.csproj]
C:\Users\razva\Documents\GitHub\Yabosen-Live-test\YabosenStatus.Windows\obj\Debug\net8.0-windows10.0.19041.0\win10-x64\intermediatexaml\WinRT.SourceGenerator\Generator.WinRTAotSourceGenerator\WinRTGenericInstantiation.g.cs(337,31): error CS0227: Unsafe code may only appear if compiling with /unsafe [C:\Users\razva\Documents\GitHub\Yabosen-Live-test\YabosenStatus.Windows\YabosenStatus.Windows.csproj]
C:\Users\razva\Documents\GitHub\Yabosen-Live-test\YabosenStatus.Windows\obj\Debug\net8.0-windows10.0.19041.0\win10-x64\intermediatexaml\WinRT.SourceGenerator\Generator.WinRTAotSourceGenerator\WinRTGenericInstantiation.g.cs(359,31): error CS0227: Unsafe code may only appear if compiling with /unsafe [C:\Users\razva\Documents\GitHub\Yabosen-Live-test\YabosenStatus.Windows\YabosenStatus.Windows.csproj]
C:\Users\razva\Documents\GitHub\Yabosen-Live-test\YabosenStatus.Windows\obj\Debug\net8.0-windows10.0.19041.0\win10-x64\intermediatexaml\WinRT.SourceGenerator\Generator.WinRTAotSourceGenerator\WinRTGenericInstantiation.g.cs(379,31): error CS0227: Unsafe code may only appear if compiling with /unsafe [C:\Users\razva\Documents\GitHub\Yabosen-Live-test\YabosenStatus.Windows\YabosenStatus.Windows.csproj]
C:\Users\razva\Documents\GitHub\Yabosen-Live-test\YabosenStatus.Windows\obj\Debug\net8.0-windows10.0.19041.0\win10-x64\intermediatexaml\WinRT.SourceGenerator\Generator.WinRTAotSourceGenerator\WinRTGenericInstantiation.g.cs(436,32): error CS0227: Unsafe code may only appear if compiling with /unsafe [C:\Users\razva\Documents\GitHub\Yabosen-Live-test\YabosenStatus.Windows\YabosenStatus.Windows.csproj]
C:\Users\razva\Documents\GitHub\Yabosen-Live-test\YabosenStatus.Windows\obj\Debug\net8.0-windows10.0.19041.0\win10-x64\intermediatexaml\WinRT.SourceGenerator\Generator.WinRTAotSourceGenerator\WinRTGenericInstantiation.g.cs(447,31): error CS0227: Unsafe code may only appear if compiling with /unsafe [C:\Users\razva\Documents\GitHub\Yabosen-Live-test\YabosenStatus.Windows\YabosenStatus.Windows.csproj]
C:\Users\razva\Documents\GitHub\Yabosen-Live-test\YabosenStatus.Windows\obj\Debug\net8.0-windows10.0.19041.0\win10-x64\intermediatexaml\WinRT.SourceGenerator\Generator.WinRTAotSourceGenerator\WinRTGenericInstantiation.g.cs(465,31): error CS0227: Unsafe code may only appear if compiling with /unsafe [C:\Users\razva\Documents\GitHub\Yabosen-Live-test\YabosenStatus.Windows\YabosenStatus.Windows.csproj]
C:\Users\razva\Documents\GitHub\Yabosen-Live-test\YabosenStatus.Windows\obj\Debug\net8.0-windows10.0.19041.0\win10-x64\intermediatexaml\WinRT.SourceGenerator\Generator.WinRTAotSourceGenerator\WinRTGenericInstantiation.g.cs(488,31): error CS0227: Unsafe code may only appear if compiling with /unsafe [C:\Users\razva\Documents\GitHub\Yabosen-Live-test\YabosenStatus.Windows\YabosenStatus.Windows.csproj]
C:\Users\razva\Documents\GitHub\Yabosen-Live-test\YabosenStatus.Windows\obj\Debug\net8.0-windows10.0.19041.0\win10-x64\intermediatexaml\WinRT.SourceGenerator\Generator.WinRTAotSourceGenerator\WinRTGenericInstantiation.g.cs(510,31): error CS0227: Unsafe code may only appear if compiling with /unsafe [C:\Users\razva\Documents\GitHub\Yabosen-Live-test\YabosenStatus.Windows\YabosenStatus.Windows.csproj]
C:\Users\razva\Documents\GitHub\Yabosen-Live-test\YabosenStatus.Windows\obj\Debug\net8.0-windows10.0.19041.0\win10-x64\intermediatexaml\WinRT.SourceGenerator\Generator.WinRTAotSourceGenerator\WinRTGenericInstantiation.g.cs(536,32): error CS0227: Unsafe code may only appear if compiling with /unsafe [C:\Users\razva\Documents\GitHub\Yabosen-Live-test\YabosenStatus.Windows\YabosenStatus.Windows.csproj]
C:\Users\razva\Documents\GitHub\Yabosen-Live-test\YabosenStatus.Windows\obj\Debug\net8.0-windows10.0.19041.0\win10-x64\intermediatexaml\WinRT.SourceGenerator\Generator.WinRTAotSourceGenerator\WinRTGenericInstantiation.g.cs(544,31): error CS0227: Unsafe code may only appear if compiling with /unsafe [C:\Users\razva\Documents\GitHub\Yabosen-Live-test\YabosenStatus.Windows\YabosenStatus.Windows.csproj]
C:\Users\razva\Documents\GitHub\Yabosen-Live-test\YabosenStatus.Windows\obj\Debug\net8.0-windows10.0.19041.0\win10-x64\intermediatexaml\WinRT.SourceGenerator\Generator.WinRTAotSourceGenerator\WinRTGenericInstantiation.g.cs(567,32): error CS0227: Unsafe code may only appear if compiling with /unsafe [C:\Users\razva\Documents\GitHub\Yabosen-Live-test\YabosenStatus.Windows\YabosenStatus.Windows.csproj]
C:\Users\razva\Documents\GitHub\Yabosen-Live-test\YabosenStatus.Windows\obj\Debug\net8.0-windows10.0.19041.0\win10-x64\intermediatexaml\WinRT.SourceGenerator\Generator.WinRTAotSourceGenerator\WinRTGenericInstantiation.g.cs(578,31): error CS0227: Unsafe code may only appear if compiling with /unsafe [C:\Users\razva\Documents\GitHub\Yabosen-Live-test\YabosenStatus.Windows\YabosenStatus.Windows.csproj]
C:\Users\razva\Documents\GitHub\Yabosen-Live-test\YabosenStatus.Windows\obj\Debug\net8.0-windows10.0.19041.0\win10-x64\intermediatexaml\WinRT.SourceGenerator\Generator.WinRTAotSourceGenerator\WinRTGenericInstantiation.g.cs(598,31): error CS0227: Unsafe code may only appear if compiling with /unsafe [C:\Users\razva\Documents\GitHub\Yabosen-Live-test\YabosenStatus.Windows\YabosenStatus.Windows.csproj]
C:\Users\razva\Documents\GitHub\Yabosen-Live-test\YabosenStatus.Windows\obj\Debug\net8.0-windows10.0.19041.0\win10-x64\intermediatexaml\WinRT.SourceGenerator\Generator.WinRTAotSourceGenerator\WinRTGenericInstantiation.g.cs(620,31): error CS0227: Unsafe code may only appear if compiling with /unsafe [C:\Users\razva\Documents\GitHub\Yabosen-Live-test\YabosenStatus.Windows\YabosenStatus.Windows.csproj]
C:\Users\razva\Documents\GitHub\Yabosen-Live-test\YabosenStatus.Windows\obj\Debug\net8.0-windows10.0.19041.0\win10-x64\intermediatexaml\WinRT.SourceGenerator\Generator.WinRTAotSourceGenerator\WinRTGenericInstantiation.g.cs(640,31): error CS0227: Unsafe code may only appear if compiling with /unsafe [C:\Users\razva\Documents\GitHub\Yabosen-Live-test\YabosenStatus.Windows\YabosenStatus.Windows.csproj]
C:\Users\razva\Documents\GitHub\Yabosen-Live-test\YabosenStatus.Windows\obj\Debug\net8.0-windows10.0.19041.0\win10-x64\intermediatexaml\WinRT.SourceGenerator\Generator.WinRTAotSourceGenerator\WinRTGenericInstantiation.g.cs(666,32): error CS0227: Unsafe code may only appear if compiling with /unsafe [C:\Users\razva\Documents\GitHub\Yabosen-Live-test\YabosenStatus.Windows\YabosenStatus.Windows.csproj]
C:\Users\razva\Documents\GitHub\Yabosen-Live-test\YabosenStatus.Windows\obj\Debug\net8.0-windows10.0.19041.0\win10-x64\intermediatexaml\WinRT.SourceGenerator\Generator.WinRTAotSourceGenerator\WinRTGenericInstantiation.g.cs(677,31): error CS0227: Unsafe code may only appear if compiling with /unsafe [C:\Users\razva\Documents\GitHub\Yabosen-Live-test\YabosenStatus.Windows\YabosenStatus.Windows.csproj]
C:\Users\razva\Documents\GitHub\Yabosen-Live-test\YabosenStatus.Windows\obj\Debug\net8.0-windows10.0.19041.0\win10-x64\intermediatexaml\WinRT.SourceGenerator\Generator.WinRTAotSourceGenerator\WinRTGenericInstantiation.g.cs(697,31): error CS0227: Unsafe code may only appear if compiling with /unsafe [C:\Users\razva\Documents\GitHub\Yabosen-Live-test\YabosenStatus.Windows\YabosenStatus.Windows.csproj]
C:\Users\razva\Documents\GitHub\Yabosen-Live-test\YabosenStatus.Windows\obj\Debug\net8.0-windows10.0.19041.0\win10-x64\intermediatexaml\WinRT.SourceGenerator\Generator.WinRTAotSourceGenerator\WinRTGenericInstantiation.g.cs(719,31): error CS0227: Unsafe code may only appear if compiling with /unsafe [C:\Users\razva\Documents\GitHub\Yabosen-Live-test\YabosenStatus.Windows\YabosenStatus.Windows.csproj]
C:\Users\razva\Documents\GitHub\Yabosen-Live-test\YabosenStatus.Windows\obj\Debug\net8.0-windows10.0.19041.0\win10-x64\intermediatexaml\WinRT.SourceGenerator\Generator.WinRTAotSourceGenerator\WinRTGenericInstantiation.g.cs(739,31): error CS0227: Unsafe code may only appear if compiling with /unsafe [C:\Users\razva\Documents\GitHub\Yabosen-Live-test\YabosenStatus.Windows\YabosenStatus.Windows.csproj]
C:\Users\razva\Documents\GitHub\Yabosen-Live-test\YabosenStatus.Windows\obj\Debug\net8.0-windows10.0.19041.0\win10-x64\intermediatexaml\WinRT.SourceGenerator\Generator.WinRTAotSourceGenerator\WinRTGenericInstantiation.g.cs(765,32): error CS0227: Unsafe code may only appear if compiling with /unsafe [C:\Users\razva\Documents\GitHub\Yabosen-Live-test\YabosenStatus.Windows\YabosenStatus.Windows.csproj]
C:\Users\razva\Documents\GitHub\Yabosen-Live-test\YabosenStatus.Windows\obj\Debug\net8.0-windows10.0.19041.0\win10-x64\intermediatexaml\WinRT.SourceGenerator\Generator.WinRTAotSourceGenerator\WinRTGenericInstantiation.g.cs(776,31): error CS0227: Unsafe code may only appear if compiling with /unsafe [C:\Users\razva\Documents\GitHub\Yabosen-Live-test\YabosenStatus.Windows\YabosenStatus.Windows.csproj]
C:\Users\razva\Documents\GitHub\Yabosen-Live-test\YabosenStatus.Windows\obj\Debug\net8.0-windows10.0.19041.0\win10-x64\intermediatexaml\WinRT.SourceGenerator\Generator.WinRTAotSourceGenerator\WinRTGenericInstantiation.g.cs(794,31): error CS0227: Unsafe code may only appear if compiling with /unsafe [C:\Users\razva\Documents\GitHub\Yabosen-Live-test\YabosenStatus.Windows\YabosenStatus.Windows.csproj]
C:\Users\razva\Documents\GitHub\Yabosen-Live-test\YabosenStatus.Windows\obj\Debug\net8.0-windows10.0.19041.0\win10-x64\intermediatexaml\WinRT.SourceGenerator\Generator.WinRTAotSourceGenerator\WinRTGenericInstantiation.g.cs(817,31): error CS0227: Unsafe code may only appear if compiling with /unsafe [C:\Users\razva\Documents\GitHub\Yabosen-Live-test\YabosenStatus.Windows\YabosenStatus.Windows.csproj]
C:\Users\razva\Documents\GitHub\Yabosen-Live-test\YabosenStatus.Windows\obj\Debug\net8.0-windows10.0.19041.0\win10-x64\intermediatexaml\WinRT.SourceGenerator\Generator.WinRTAotSourceGenerator\WinRTGenericInstantiation.g.cs(839,31): error CS0227: Unsafe code may only appear if compiling with /unsafe [C:\Users\razva\Documents\GitHub\Yabosen-Live-test\YabosenStatus.Windows\YabosenStatus.Windows.csproj]
C:\Users\razva\Documents\GitHub\Yabosen-Live-test\YabosenStatus.Windows\obj\Debug\net8.0-windows10.0.19041.0\win10-x64\intermediatexaml\WinRT.SourceGenerator\Generator.WinRTAotSourceGenerator\WinRTGenericInstantiation.g.cs(865,32): error CS0227: Unsafe code may only appear if compiling with /unsafe [C:\Users\razva\Documents\GitHub\Yabosen-Live-test\YabosenStatus.Windows\YabosenStatus.Windows.csproj]
C:\Users\razva\Documents\GitHub\Yabosen-Live-test\YabosenStatus.Windows\obj\Debug\net8.0-windows10.0.19041.0\win10-x64\intermediatexaml\WinRT.SourceGenerator\Generator.WinRTAotSourceGenerator\WinRTGenericInstantiation.g.cs(876,31): error CS0227: Unsafe code may only appear if compiling with /unsafe [C:\Users\razva\Documents\GitHub\Yabosen-Live-test\YabosenStatus.Windows\YabosenStatus.Windows.csproj]
C:\Users\razva\Documents\GitHub\Yabosen-Live-test\YabosenStatus.Windows\obj\Debug\net8.0-windows10.0.19041.0\win10-x64\intermediatexaml\WinRT.SourceGenerator\Generator.WinRTAotSourceGenerator\WinRTGenericInstantiation.g.cs(894,31): error CS0227: Unsafe code may only appear if compiling with /unsafe [C:\Users\razva\Documents\GitHub\Yabosen-Live-test\YabosenStatus.Windows\YabosenStatus.Windows.csproj]
C:\Users\razva\Documents\GitHub\Yabosen-Live-test\YabosenStatus.Windows\obj\Debug\net8.0-windows10.0.19041.0\win10-x64\intermediatexaml\WinRT.SourceGenerator\Generator.WinRTAotSourceGenerator\WinRTGenericInstantiation.g.cs(917,31): error CS0227: Unsafe code may only appear if compiling with /unsafe [C:\Users\razva\Documents\GitHub\Yabosen-Live-test\YabosenStatus.Windows\YabosenStatus.Windows.csproj]
C:\Users\razva\Documents\GitHub\Yabosen-Live-test\YabosenStatus.Windows\obj\Debug\net8.0-windows10.0.19041.0\win10-x64\intermediatexaml\WinRT.SourceGenerator\Generator.WinRTAotSourceGenerator\WinRTGenericInstantiation.g.cs(939,31): error CS0227: Unsafe code may only appear if compiling with /unsafe [C:\Users\razva\Documents\GitHub\Yabosen-Live-test\YabosenStatus.Windows\YabosenStatus.Windows.csproj]
C:\Users\razva\Documents\GitHub\Yabosen-Live-test\YabosenStatus.Windows\obj\Debug\net8.0-windows10.0.19041.0\win10-x64\intermediatexaml\WinRT.SourceGenerator\Generator.WinRTAotSourceGenerator\WinRTGenericInstantiation.g.cs(965,32): error CS0227: Unsafe code may only appear if compiling with /unsafe [C:\Users\razva\Documents\GitHub\Yabosen-Live-test\YabosenStatus.Windows\YabosenStatus.Windows.csproj]
C:\Users\razva\Documents\GitHub\Yabosen-Live-test\YabosenStatus.Windows\obj\Debug\net8.0-windows10.0.19041.0\win10-x64\intermediatexaml\WinRT.SourceGenerator\Generator.WinRTAotSourceGenerator\WinRTGenericInstantiation.g.cs(976,31): error CS0227: Unsafe code may only appear if compiling with /unsafe [C:\Users\razva\Documents\GitHub\Yabosen-Live-test\YabosenStatus.Windows\YabosenStatus.Windows.csproj]
C:\Users\razva\Documents\GitHub\Yabosen-Live-test\YabosenStatus.Windows\obj\Debug\net8.0-windows10.0.19041.0\win10-x64\intermediatexaml\WinRT.SourceGenerator\Generator.WinRTAotSourceGenerator\WinRTGenericInstantiation.g.cs(994,31): error CS0227: Unsafe code may only appear if compiling with /unsafe [C:\Users\razva\Documents\GitHub\Yabosen-Live-test\YabosenStatus.Windows\YabosenStatus.Windows.csproj]
C:\Users\razva\Documents\GitHub\Yabosen-Live-test\YabosenStatus.Windows\obj\Debug\net8.0-windows10.0.19041.0\win10-x64\intermediatexaml\WinRT.SourceGenerator\Generator.WinRTAotSourceGenerator\WinRTGenericInstantiation.g.cs(1017,31): error CS0227: Unsafe code may only appear if compiling with /unsafe [C:\Users\razva\Documents\GitHub\Yabosen-Live-test\YabosenStatus.Windows\YabosenStatus.Windows.csproj]
C:\Users\razva\Documents\GitHub\Yabosen-Live-test\YabosenStatus.Windows\obj\Debug\net8.0-windows10.0.19041.0\win10-x64\intermediatexaml\WinRT.SourceGenerator\Generator.WinRTAotSourceGenerator\WinRTGenericInstantiation.g.cs(1039,31): error CS0227: Unsafe code may only appear if compiling with /unsafe [C:\Users\razva\Documents\GitHub\Yabosen-Live-test\YabosenStatus.Windows\YabosenStatus.Windows.csproj]
C:\Users\razva\Documents\GitHub\Yabosen-Live-test\YabosenStatus.Windows\obj\Debug\net8.0-windows10.0.19041.0\win10-x64\intermediatexaml\WinRT.SourceGenerator\Generator.WinRTAotSourceGenerator\WinRTGenericInstantiation.g.cs(1065,32): error CS0227: Unsafe code may only appear if compiling with /unsafe [C:\Users\razva\Documents\GitHub\Yabosen-Live-test\YabosenStatus.Windows\YabosenStatus.Windows.csproj]
C:\Users\razva\Documents\GitHub\Yabosen-Live-test\YabosenStatus.Windows\obj\Debug\net8.0-windows10.0.19041.0\win10-x64\intermediatexaml\WinRT.SourceGenerator\Generator.WinRTAotSourceGenerator\WinRTGenericInstantiation.g.cs(1073,31): error CS0227: Unsafe code may only appear if compiling with /unsafe [C:\Users\razva\Documents\GitHub\Yabosen-Live-test\YabosenStatus.Windows\YabosenStatus.Windows.csproj]
C:\Users\razva\Documents\GitHub\Yabosen-Live-test\YabosenStatus.Windows\obj\Debug\net8.0-windows10.0.19041.0\win10-x64\intermediatexaml\WinRT.SourceGenerator\Generator.WinRTAotSourceGenerator\WinRTGenericInstantiation.g.cs(1096,32): error CS0227: Unsafe code may only appear if compiling with /unsafe [C:\Users\razva\Documents\GitHub\Yabosen-Live-test\YabosenStatus.Windows\YabosenStatus.Windows.csproj]
C:\Users\razva\Documents\GitHub\Yabosen-Live-test\YabosenStatus.Windows\obj\Debug\net8.0-windows10.0.19041.0\win10-x64\intermediatexaml\WinRT.SourceGenerator\Generator.WinRTAotSourceGenerator\WinRTGenericInstantiation.g.cs(1107,31): error CS0227: Unsafe code may only appear if compiling with /unsafe [C:\Users\razva\Documents\GitHub\Yabosen-Live-test\YabosenStatus.Windows\YabosenStatus.Windows.csproj]
C:\Users\razva\Documents\GitHub\Yabosen-Live-test\YabosenStatus.Windows\obj\Debug\net8.0-windows10.0.19041.0\win10-x64\intermediatexaml\WinRT.SourceGenerator\Generator.WinRTAotSourceGenerator\WinRTGenericInstantiation.g.cs(1127,31): error CS0227: Unsafe code may only appear if compiling with /unsafe [C:\Users\razva\Documents\GitHub\Yabosen-Live-test\YabosenStatus.Windows\YabosenStatus.Windows.csproj]
C:\Users\razva\Documents\GitHub\Yabosen-Live-test\YabosenStatus.Windows\obj\Debug\net8.0-windows10.0.19041.0\win10-x64\intermediatexaml\WinRT.SourceGenerator\Generator.WinRTAotSourceGenerator\WinRTGenericInstantiation.g.cs(1149,31): error CS0227: Unsafe code may only appear if compiling with /unsafe [C:\Users\razva\Documents\GitHub\Yabosen-Live-test\YabosenStatus.Windows\YabosenStatus.Windows.csproj]
C:\Users\razva\Documents\GitHub\Yabosen-Live-test\YabosenStatus.Windows\obj\Debug\net8.0-windows10.0.19041.0\win10-x64\intermediatexaml\WinRT.SourceGenerator\Generator.WinRTAotSourceGenerator\WinRTGenericInstantiation.g.cs(1169,31): error CS0227: Unsafe code may only appear if compiling with /unsafe [C:\Users\razva\Documents\GitHub\Yabosen-Live-test\YabosenStatus.Windows\YabosenStatus.Windows.csproj]
C:\Users\razva\Documents\GitHub\Yabosen-Live-test\YabosenStatus.Windows\obj\Debug\net8.0-windows10.0.19041.0\win10-x64\intermediatexaml\WinRT.SourceGenerator\Generator.WinRTAotSourceGenerator\WinRTGenericInstantiation.g.cs(1195,32): error CS0227: Unsafe code may only appear if compiling with /unsafe [C:\Users\razva\Documents\GitHub\Yabosen-Live-test\YabosenStatus.Windows\YabosenStatus.Windows.csproj]
C:\Users\razva\Documents\GitHub\Yabosen-Live-test\YabosenStatus.Windows\obj\Debug\net8.0-windows10.0.19041.0\win10-x64\intermediatexaml\WinRT.SourceGenerator\Generator.WinRTAotSourceGenerator\WinRTGenericInstantiation.g.cs(1214,31): error CS0227: Unsafe code may only appear if compiling with /unsafe [C:\Users\razva\Documents\GitHub\Yabosen-Live-test\YabosenStatus.Windows\YabosenStatus.Windows.csproj]
C:\Users\razva\Documents\GitHub\Yabosen-Live-test\YabosenStatus.Windows\obj\Debug\net8.0-windows10.0.19041.0\win10-x64\intermediatexaml\WinRT.SourceGenerator\Generator.WinRTAotSourceGenerator\WinRTGenericInstantiation.g.cs(1232,31): error CS0227: Unsafe code may only appear if compiling with /unsafe [C:\Users\razva\Documents\GitHub\Yabosen-Live-test\YabosenStatus.Windows\YabosenStatus.Windows.csproj]
C:\Users\razva\Documents\GitHub\Yabosen-Live-test\YabosenStatus.Windows\obj\Debug\net8.0-windows10.0.19041.0\win10-x64\intermediatexaml\WinRT.SourceGenerator\Generator.WinRTAotSourceGenerator\WinRTGenericInstantiation.g.cs(1251,31): error CS0227: Unsafe code may only appear if compiling with /unsafe [C:\Users\razva\Documents\GitHub\Yabosen-Live-test\YabosenStatus.Windows\YabosenStatus.Windows.csproj]
C:\Users\razva\Documents\GitHub\Yabosen-Live-test\YabosenStatus.Windows\obj\Debug\net8.0-windows10.0.19041.0\win10-x64\intermediatexaml\WinRT.SourceGenerator\Generator.WinRTAotSourceGenerator\WinRTGenericInstantiation.g.cs(1274,31): error CS0227: Unsafe code may only appear if compiling with /unsafe [C:\Users\razva\Documents\GitHub\Yabosen-Live-test\YabosenStatus.Windows\YabosenStatus.Windows.csproj]
C:\Users\razva\Documents\GitHub\Yabosen-Live-test\YabosenStatus.Windows\obj\Debug\net8.0-windows10.0.19041.0\win10-x64\intermediatexaml\WinRT.SourceGenerator\Generator.WinRTAotSourceGenerator\WinRTGenericInstantiation.g.cs(1289,31): error CS0227: Unsafe code may only appear if compiling with /unsafe [C:\Users\razva\Documents\GitHub\Yabosen-Live-test\YabosenStatus.Windows\YabosenStatus.Windows.csproj]
C:\Users\razva\Documents\GitHub\Yabosen-Live-test\YabosenStatus.Windows\obj\Debug\net8.0-windows10.0.19041.0\win10-x64\intermediatexaml\WinRT.SourceGenerator\Generator.WinRTAotSourceGenerator\WinRTGenericInstantiation.g.cs(1304,31): error CS0227: Unsafe code may only appear if compiling with /unsafe [C:\Users\razva\Documents\GitHub\Yabosen-Live-test\YabosenStatus.Windows\YabosenStatus.Windows.csproj]
C:\Users\razva\Documents\GitHub\Yabosen-Live-test\YabosenStatus.Windows\obj\Debug\net8.0-windows10.0.19041.0\win10-x64\intermediatexaml\WinRT.SourceGenerator\Generator.WinRTAotSourceGenerator\WinRTGenericInstantiation.g.cs(1319,31): error CS0227: Unsafe code may only appear if compiling with /unsafe [C:\Users\razva\Documents\GitHub\Yabosen-Live-test\YabosenStatus.Windows\YabosenStatus.Windows.csproj]
C:\Users\razva\Documents\GitHub\Yabosen-Live-test\YabosenStatus.Windows\obj\Debug\net8.0-windows10.0.19041.0\win10-x64\intermediatexaml\WinRT.SourceGenerator\Generator.WinRTAotSourceGenerator\WinRTGenericInstantiation.g.cs(1334,31): error CS0227: Unsafe code may only appear if compiling with /unsafe [C:\Users\razva\Documents\GitHub\Yabosen-Live-test\YabosenStatus.Windows\YabosenStatus.Windows.csproj]
C:\Users\razva\Documents\GitHub\Yabosen-Live-test\YabosenStatus.Windows\obj\Debug\net8.0-windows10.0.19041.0\win10-x64\intermediatexaml\WinRT.SourceGenerator\Generator.WinRTAotSourceGenerator\WinRTGenericInstantiation.g.cs(1349,31): error CS0227: Unsafe code may only appear if compiling with /unsafe [C:\Users\razva\Documents\GitHub\Yabosen-Live-test\YabosenStatus.Windows\YabosenStatus.Windows.csproj]
C:\Users\razva\Documents\GitHub\Yabosen-Live-test\YabosenStatus.Windows\obj\Debug\net8.0-windows10.0.19041.0\win10-x64\intermediatexaml\WinRT.SourceGenerator\Generator.WinRTAotSourceGenerator\WinRTGenericInstantiation.g.cs(1364,31): error CS0227: Unsafe code may only appear if compiling with /unsafe [C:\Users\razva\Documents\GitHub\Yabosen-Live-test\YabosenStatus.Windows\YabosenStatus.Windows.csproj]
C:\Users\razva\Documents\GitHub\Yabosen-Live-test\YabosenStatus.Windows\obj\Debug\net8.0-windows10.0.19041.0\win10-x64\intermediatexaml\WinRT.SourceGenerator\Generator.WinRTAotSourceGenerator\WinRTGenericInstantiation.g.cs(1386,31): error CS0227: Unsafe code may only appear if compiling with /unsafe [C:\Users\razva\Documents\GitHub\Yabosen-Live-test\YabosenStatus.Windows\YabosenStatus.Windows.csproj]
C:\Users\razva\Documents\GitHub\Yabosen-Live-test\YabosenStatus.Windows\obj\Debug\net8.0-windows10.0.19041.0\win10-x64\intermediatexaml\WinRT.SourceGenerator\Generator.WinRTAotSourceGenerator\WinRTGenericInstantiation.g.cs(1401,31): error CS0227: Unsafe code may only appear if compiling with /unsafe [C:\Users\razva\Documents\GitHub\Yabosen-Live-test\YabosenStatus.Windows\YabosenStatus.Windows.csproj]

Build FAILED.

C:\Users\razva\Documents\GitHub\Yabosen-Live-test\YabosenStatus.Windows\obj\Debug\net8.0-windows10.0.19041.0\win10-x64\intermediatexaml\WinRT.SourceGenerator\Generator.WinRTAotSourceGenerator\WinRTGenericInstantiation.g.cs(14,32): error CS0227: Unsafe code may only appear if compiling with /unsafe [C:\Users\razva\Documents\GitHub\Yabosen-Live-test\YabosenStatus.Windows\YabosenStatus.Windows.csproj]
C:\Users\razva\Documents\GitHub\Yabosen-Live-test\YabosenStatus.Windows\obj\Debug\net8.0-windows10.0.19041.0\win10-x64\intermediatexaml\WinRT.SourceGenerator\Generator.WinRTAotSourceGenerator\WinRTGenericInstantiation.g.cs(22,31): error CS0227: Unsafe code may only appear if compiling with /unsafe [C:\Users\razva\Documents\GitHub\Yabosen-Live-test\YabosenStatus.Windows\YabosenStatus.Windows.csproj]
C:\Users\razva\Documents\GitHub\Yabosen-Live-test\YabosenStatus.Windows\obj\Debug\net8.0-windows10.0.19041.0\win10-x64\intermediatexaml\WinRT.SourceGenerator\Generator.WinRTAotSourceGenerator\WinRTGenericInstantiation.g.cs(76,32): error CS0227: Unsafe code may only appear if compiling with /unsafe [C:\Users\razva\Documents\GitHub\Yabosen-Live-test\YabosenStatus.Windows\YabosenStatus.Windows.csproj]
C:\Users\razva\Documents\GitHub\Yabosen-Live-test\YabosenStatus.Windows\obj\Debug\net8.0-windows10.0.19041.0\win10-x64\intermediatexaml\WinRT.SourceGenerator\Generator.WinRTAotSourceGenerator\WinRTGenericInstantiation.g.cs(84,31): error CS0227: Unsafe code may only appear if compiling with /unsafe [C:\Users\razva\Documents\GitHub\Yabosen-Live-test\YabosenStatus.Windows\YabosenStatus.Windows.csproj]
C:\Users\razva\Documents\GitHub\Yabosen-Live-test\YabosenStatus.Windows\obj\Debug\net8.0-windows10.0.19041.0\win10-x64\intermediatexaml\WinRT.SourceGenerator\Generator.WinRTAotSourceGenerator\WinRTGenericInstantiation.g.cs(45,32): error CS0227: Unsafe code may only appear if compiling with /unsafe [C:\Users\razva\Documents\GitHub\Yabosen-Live-test\YabosenStatus.Windows\YabosenStatus.Windows.csproj]
C:\Users\razva\Documents\GitHub\Yabosen-Live-test\YabosenStatus.Windows\obj\Debug\net8.0-windows10.0.19041.0\win10-x64\intermediatexaml\WinRT.SourceGenerator\Generator.WinRTAotSourceGenerator\WinRTGenericInstantiation.g.cs(53,31): error CS0227: Unsafe code may only appear if compiling with /unsafe [C:\Users\razva\Documents\GitHub\Yabosen-Live-test\YabosenStatus.Windows\YabosenStatus.Windows.csproj]
C:\Users\razva\Documents\GitHub\Yabosen-Live-test\YabosenStatus.Windows\obj\Debug\net8.0-windows10.0.19041.0\win10-x64\intermediatexaml\WinRT.SourceGenerator\Generator.WinRTAotSourceGenerator\WinRTGenericInstantiation.g.cs(107,32): error CS0227: Unsafe code may only appear if compiling with /unsafe [C:\Users\razva\Documents\GitHub\Yabosen-Live-test\YabosenStatus.Windows\YabosenStatus.Windows.csproj]
C:\Users\razva\Documents\GitHub\Yabosen-Live-test\YabosenStatus.Windows\obj\Debug\net8.0-windows10.0.19041.0\win10-x64\intermediatexaml\WinRT.SourceGenerator\Generator.WinRTAotSourceGenerator\WinRTGenericInstantiation.g.cs(118,31): error CS0227: Unsafe code may only appear if compiling with /unsafe [C:\Users\razva\Documents\GitHub\Yabosen-Live-test\YabosenStatus.Windows\YabosenStatus.Windows.csproj]
C:\Users\razva\Documents\GitHub\Yabosen-Live-test\YabosenStatus.Windows\obj\Debug\net8.0-windows10.0.19041.0\win10-x64\intermediatexaml\WinRT.SourceGenerator\Generator.WinRTAotSourceGenerator\WinRTGenericInstantiation.g.cs(138,31): error CS0227: Unsafe code may only appear if compiling with /unsafe [C:\Users\razva\Documents\GitHub\Yabosen-Live-test\YabosenStatus.Windows\YabosenStatus.Windows.csproj]
C:\Users\razva\Documents\GitHub\Yabosen-Live-test\YabosenStatus.Windows\obj\Debug\net8.0-windows10.0.19041.0\win10-x64\intermediatexaml\WinRT.SourceGenerator\Generator.WinRTAotSourceGenerator\WinRTGenericInstantiation.g.cs(160,31): error CS0227: Unsafe code may only appear if compiling with /unsafe [C:\Users\razva\Documents\GitHub\Yabosen-Live-test\YabosenStatus.Windows\YabosenStatus.Windows.csproj]
C:\Users\razva\Documents\GitHub\Yabosen-Live-test\YabosenStatus.Windows\obj\Debug\net8.0-windows10.0.19041.0\win10-x64\intermediatexaml\WinRT.SourceGenerator\Generator.WinRTAotSourceGenerator\WinRTGenericInstantiation.g.cs(180,31): error CS0227: Unsafe code may only appear if compiling with /unsafe [C:\Users\razva\Documents\GitHub\Yabosen-Live-test\YabosenStatus.Windows\YabosenStatus.Windows.csproj]
C:\Users\razva\Documents\GitHub\Yabosen-Live-test\YabosenStatus.Windows\obj\Debug\net8.0-windows10.0.19041.0\win10-x64\intermediatexaml\WinRT.SourceGenerator\Generator.WinRTAotSourceGenerator\WinRTGenericInstantiation.g.cs(206,32): error CS0227: Unsafe code may only appear if compiling with /unsafe [C:\Users\razva\Documents\GitHub\Yabosen-Live-test\YabosenStatus.Windows\YabosenStatus.Windows.csproj]
C:\Users\razva\Documents\GitHub\Yabosen-Live-test\YabosenStatus.Windows\obj\Debug\net8.0-windows10.0.19041.0\win10-x64\intermediatexaml\WinRT.SourceGenerator\Generator.WinRTAotSourceGenerator\WinRTGenericInstantiation.g.cs(217,31): error CS0227: Unsafe code may only appear if compiling with /unsafe [C:\Users\razva\Documents\GitHub\Yabosen-Live-test\YabosenStatus.Windows\YabosenStatus.Windows.csproj]
C:\Users\razva\Documents\GitHub\Yabosen-Live-test\YabosenStatus.Windows\obj\Debug\net8.0-windows10.0.19041.0\win10-x64\intermediatexaml\WinRT.SourceGenerator\Generator.WinRTAotSourceGenerator\WinRTGenericInstantiation.g.cs(235,31): error CS0227: Unsafe code may only appear if compiling with /unsafe [C:\Users\razva\Documents\GitHub\Yabosen-Live-test\YabosenStatus.Windows\YabosenStatus.Windows.csproj]
C:\Users\razva\Documents\GitHub\Yabosen-Live-test\YabosenStatus.Windows\obj\Debug\net8.0-windows10.0.19041.0\win10-x64\intermediatexaml\WinRT.SourceGenerator\Generator.WinRTAotSourceGenerator\WinRTGenericInstantiation.g.cs(258,31): error CS0227: Unsafe code may only appear if compiling with /unsafe [C:\Users\razva\Documents\GitHub\Yabosen-Live-test\YabosenStatus.Windows\YabosenStatus.Windows.csproj]
C:\Users\razva\Documents\GitHub\Yabosen-Live-test\YabosenStatus.Windows\obj\Debug\net8.0-windows10.0.19041.0\win10-x64\intermediatexaml\WinRT.SourceGenerator\Generator.WinRTAotSourceGenerator\WinRTGenericInstantiation.g.cs(280,31): error CS0227: Unsafe code may only appear if compiling with /unsafe [C:\Users\razva\Documents\GitHub\Yabosen-Live-test\YabosenStatus.Windows\YabosenStatus.Windows.csproj]
C:\Users\razva\Documents\GitHub\Yabosen-Live-test\YabosenStatus.Windows\obj\Debug\net8.0-windows10.0.19041.0\win10-x64\intermediatexaml\WinRT.SourceGenerator\Generator.WinRTAotSourceGenerator\WinRTGenericInstantiation.g.cs(405,32): error CS0227: Unsafe code may only appear if compiling with /unsafe [C:\Users\razva\Documents\GitHub\Yabosen-Live-test\YabosenStatus.Windows\YabosenStatus.Windows.csproj]
C:\Users\razva\Documents\GitHub\Yabosen-Live-test\YabosenStatus.Windows\obj\Debug\net8.0-windows10.0.19041.0\win10-x64\intermediatexaml\WinRT.SourceGenerator\Generator.WinRTAotSourceGenerator\WinRTGenericInstantiation.g.cs(413,31): error CS0227: Unsafe code may only appear if compiling with /unsafe [C:\Users\razva\Documents\GitHub\Yabosen-Live-test\YabosenStatus.Windows\YabosenStatus.Windows.csproj]
C:\Users\razva\Documents\GitHub\Yabosen-Live-test\YabosenStatus.Windows\obj\Debug\net8.0-windows10.0.19041.0\win10-x64\intermediatexaml\WinRT.SourceGenerator\Generator.WinRTAotSourceGenerator\WinRTGenericInstantiation.g.cs(306,32): error CS0227: Unsafe code may only appear if compiling with /unsafe [C:\Users\razva\Documents\GitHub\Yabosen-Live-test\YabosenStatus.Windows\YabosenStatus.Windows.csproj]
C:\Users\razva\Documents\GitHub\Yabosen-Live-test\YabosenStatus.Windows\obj\Debug\net8.0-windows10.0.19041.0\win10-x64\intermediatexaml\WinRT.SourceGenerator\Generator.WinRTAotSourceGenerator\WinRTGenericInstantiation.g.cs(317,31): error CS0227: Unsafe code may only appear if compiling with /unsafe [C:\Users\razva\Documents\GitHub\Yabosen-Live-test\YabosenStatus.Windows\YabosenStatus.Windows.csproj]
C:\Users\razva\Documents\GitHub\Yabosen-Live-test\YabosenStatus.Windows\obj\Debug\net8.0-windows10.0.19041.0\win10-x64\intermediatexaml\WinRT.SourceGenerator\Generator.WinRTAotSourceGenerator\WinRTGenericInstantiation.g.cs(337,31): error CS0227: Unsafe code may only appear if compiling with /unsafe [C:\Users\razva\Documents\GitHub\Yabosen-Live-test\YabosenStatus.Windows\YabosenStatus.Windows.csproj]
C:\Users\razva\Documents\GitHub\Yabosen-Live-test\YabosenStatus.Windows\obj\Debug\net8.0-windows10.0.19041.0\win10-x64\intermediatexaml\WinRT.SourceGenerator\Generator.WinRTAotSourceGenerator\WinRTGenericInstantiation.g.cs(359,31): error CS0227: Unsafe code may only appear if compiling with /unsafe [C:\Users\razva\Documents\GitHub\Yabosen-Live-test\YabosenStatus.Windows\YabosenStatus.Windows.csproj]
C:\Users\razva\Documents\GitHub\Yabosen-Live-test\YabosenStatus.Windows\obj\Debug\net8.0-windows10.0.19041.0\win10-x64\intermediatexaml\WinRT.SourceGenerator\Generator.WinRTAotSourceGenerator\WinRTGenericInstantiation.g.cs(379,31): error CS0227: Unsafe code may only appear if compiling with /unsafe [C:\Users\razva\Documents\GitHub\Yabosen-Live-test\YabosenStatus.Windows\YabosenStatus.Windows.csproj]
C:\Users\razva\Documents\GitHub\Yabosen-Live-test\YabosenStatus.Windows\obj\Debug\net8.0-windows10.0.19041.0\win10-x64\intermediatexaml\WinRT.SourceGenerator\Generator.WinRTAotSourceGenerator\WinRTGenericInstantiation.g.cs(436,32): error CS0227: Unsafe code may only appear if compiling with /unsafe [C:\Users\razva\Documents\GitHub\Yabosen-Live-test\YabosenStatus.Windows\YabosenStatus.Windows.csproj]
C:\Users\razva\Documents\GitHub\Yabosen-Live-test\YabosenStatus.Windows\obj\Debug\net8.0-windows10.0.19041.0\win10-x64\intermediatexaml\WinRT.SourceGenerator\Generator.WinRTAotSourceGenerator\WinRTGenericInstantiation.g.cs(447,31): error CS0227: Unsafe code may only appear if compiling with /unsafe [C:\Users\razva\Documents\GitHub\Yabosen-Live-test\YabosenStatus.Windows\YabosenStatus.Windows.csproj]
C:\Users\razva\Documents\GitHub\Yabosen-Live-test\YabosenStatus.Windows\obj\Debug\net8.0-windows10.0.19041.0\win10-x64\intermediatexaml\WinRT.SourceGenerator\Generator.WinRTAotSourceGenerator\WinRTGenericInstantiation.g.cs(465,31): error CS0227: Unsafe code may only appear if compiling with /unsafe [C:\Users\razva\Documents\GitHub\Yabosen-Live-test\YabosenStatus.Windows\YabosenStatus.Windows.csproj]
C:\Users\razva\Documents\GitHub\Yabosen-Live-test\YabosenStatus.Windows\obj\Debug\net8.0-windows10.0.19041.0\win10-x64\intermediatexaml\WinRT.SourceGenerator\Generator.WinRTAotSourceGenerator\WinRTGenericInstantiation.g.cs(488,31): error CS0227: Unsafe code may only appear if compiling with /unsafe [C:\Users\razva\Documents\GitHub\Yabosen-Live-test\YabosenStatus.Windows\YabosenStatus.Windows.csproj]
C:\Users\razva\Documents\GitHub\Yabosen-Live-test\YabosenStatus.Windows\obj\Debug\net8.0-windows10.0.19041.0\win10-x64\intermediatexaml\WinRT.SourceGenerator\Generator.WinRTAotSourceGenerator\WinRTGenericInstantiation.g.cs(510,31): error CS0227: Unsafe code may only appear if compiling with /unsafe [C:\Users\razva\Documents\GitHub\Yabosen-Live-test\YabosenStatus.Windows\YabosenStatus.Windows.csproj]
C:\Users\razva\Documents\GitHub\Yabosen-Live-test\YabosenStatus.Windows\obj\Debug\net8.0-windows10.0.19041.0\win10-x64\intermediatexaml\WinRT.SourceGenerator\Generator.WinRTAotSourceGenerator\WinRTGenericInstantiation.g.cs(536,32): error CS0227: Unsafe code may only appear if compiling with /unsafe [C:\Users\razva\Documents\GitHub\Yabosen-Live-test\YabosenStatus.Windows\YabosenStatus.Windows.csproj]
C:\Users\razva\Documents\GitHub\Yabosen-Live-test\YabosenStatus.Windows\obj\Debug\net8.0-windows10.0.19041.0\win10-x64\intermediatexaml\WinRT.SourceGenerator\Generator.WinRTAotSourceGenerator\WinRTGenericInstantiation.g.cs(544,31): error CS0227: Unsafe code may only appear if compiling with /unsafe [C:\Users\razva\Documents\GitHub\Yabosen-Live-test\YabosenStatus.Windows\YabosenStatus.Windows.csproj]
C:\Users\razva\Documents\GitHub\Yabosen-Live-test\YabosenStatus.Windows\obj\Debug\net8.0-windows10.0.19041.0\win10-x64\intermediatexaml\WinRT.SourceGenerator\Generator.WinRTAotSourceGenerator\WinRTGenericInstantiation.g.cs(567,32): error CS0227: Unsafe code may only appear if compiling with /unsafe [C:\Users\razva\Documents\GitHub\Yabosen-Live-test\YabosenStatus.Windows\YabosenStatus.Windows.csproj]
C:\Users\razva\Documents\GitHub\Yabosen-Live-test\YabosenStatus.Windows\obj\Debug\net8.0-windows10.0.19041.0\win10-x64\intermediatexaml\WinRT.SourceGenerator\Generator.WinRTAotSourceGenerator\WinRTGenericInstantiation.g.cs(578,31): error CS0227: Unsafe code may only appear if compiling with /unsafe [C:\Users\razva\Documents\GitHub\Yabosen-Live-test\YabosenStatus.Windows\YabosenStatus.Windows.csproj]
C:\Users\razva\Documents\GitHub\Yabosen-Live-test\YabosenStatus.Windows\obj\Debug\net8.0-windows10.0.19041.0\win10-x64\intermediatexaml\WinRT.SourceGenerator\Generator.WinRTAotSourceGenerator\WinRTGenericInstantiation.g.cs(598,31): error CS0227: Unsafe code may only appear if compiling with /unsafe [C:\Users\razva\Documents\GitHub\Yabosen-Live-test\YabosenStatus.Windows\YabosenStatus.Windows.csproj]
C:\Users\razva\Documents\GitHub\Yabosen-Live-test\YabosenStatus.Windows\obj\Debug\net8.0-windows10.0.19041.0\win10-x64\intermediatexaml\WinRT.SourceGenerator\Generator.WinRTAotSourceGenerator\WinRTGenericInstantiation.g.cs(620,31): error CS0227: Unsafe code may only appear if compiling with /unsafe [C:\Users\razva\Documents\GitHub\Yabosen-Live-test\YabosenStatus.Windows\YabosenStatus.Windows.csproj]
C:\Users\razva\Documents\GitHub\Yabosen-Live-test\YabosenStatus.Windows\obj\Debug\net8.0-windows10.0.19041.0\win10-x64\intermediatexaml\WinRT.SourceGenerator\Generator.WinRTAotSourceGenerator\WinRTGenericInstantiation.g.cs(640,31): error CS0227: Unsafe code may only appear if compiling with /unsafe [C:\Users\razva\Documents\GitHub\Yabosen-Live-test\YabosenStatus.Windows\YabosenStatus.Windows.csproj]
C:\Users\razva\Documents\GitHub\Yabosen-Live-test\YabosenStatus.Windows\obj\Debug\net8.0-windows10.0.19041.0\win10-x64\intermediatexaml\WinRT.SourceGenerator\Generator.WinRTAotSourceGenerator\WinRTGenericInstantiation.g.cs(666,32): error CS0227: Unsafe code may only appear if compiling with /unsafe [C:\Users\razva\Documents\GitHub\Yabosen-Live-test\YabosenStatus.Windows\YabosenStatus.Windows.csproj]
C:\Users\razva\Documents\GitHub\Yabosen-Live-test\YabosenStatus.Windows\obj\Debug\net8.0-windows10.0.19041.0\win10-x64\intermediatexaml\WinRT.SourceGenerator\Generator.WinRTAotSourceGenerator\WinRTGenericInstantiation.g.cs(677,31): error CS0227: Unsafe code may only appear if compiling with /unsafe [C:\Users\razva\Documents\GitHub\Yabosen-Live-test\YabosenStatus.Windows\YabosenStatus.Windows.csproj]
C:\Users\razva\Documents\GitHub\Yabosen-Live-test\YabosenStatus.Windows\obj\Debug\net8.0-windows10.0.19041.0\win10-x64\intermediatexaml\WinRT.SourceGenerator\Generator.WinRTAotSourceGenerator\WinRTGenericInstantiation.g.cs(697,31): error CS0227: Unsafe code may only appear if compiling with /unsafe [C:\Users\razva\Documents\GitHub\Yabosen-Live-test\YabosenStatus.Windows\YabosenStatus.Windows.csproj]
C:\Users\razva\Documents\GitHub\Yabosen-Live-test\YabosenStatus.Windows\obj\Debug\net8.0-windows10.0.19041.0\win10-x64\intermediatexaml\WinRT.SourceGenerator\Generator.WinRTAotSourceGenerator\WinRTGenericInstantiation.g.cs(719,31): error CS0227: Unsafe code may only appear if compiling with /unsafe [C:\Users\razva\Documents\GitHub\Yabosen-Live-test\YabosenStatus.Windows\YabosenStatus.Windows.csproj]
C:\Users\razva\Documents\GitHub\Yabosen-Live-test\YabosenStatus.Windows\obj\Debug\net8.0-windows10.0.19041.0\win10-x64\intermediatexaml\WinRT.SourceGenerator\Generator.WinRTAotSourceGenerator\WinRTGenericInstantiation.g.cs(739,31): error CS0227: Unsafe code may only appear if compiling with /unsafe [C:\Users\razva\Documents\GitHub\Yabosen-Live-test\YabosenStatus.Windows\YabosenStatus.Windows.csproj]
C:\Users\razva\Documents\GitHub\Yabosen-Live-test\YabosenStatus.Windows\obj\Debug\net8.0-windows10.0.19041.0\win10-x64\intermediatexaml\WinRT.SourceGenerator\Generator.WinRTAotSourceGenerator\WinRTGenericInstantiation.g.cs(765,32): error CS0227: Unsafe code may only appear if compiling with /unsafe [C:\Users\razva\Documents\GitHub\Yabosen-Live-test\YabosenStatus.Windows\YabosenStatus.Windows.csproj]
C:\Users\razva\Documents\GitHub\Yabosen-Live-test\YabosenStatus.Windows\obj\Debug\net8.0-windows10.0.19041.0\win10-x64\intermediatexaml\WinRT.SourceGenerator\Generator.WinRTAotSourceGenerator\WinRTGenericInstantiation.g.cs(776,31): error CS0227: Unsafe code may only appear if compiling with /unsafe [C:\Users\razva\Documents\GitHub\Yabosen-Live-test\YabosenStatus.Windows\YabosenStatus.Windows.csproj]
C:\Users\razva\Documents\GitHub\Yabosen-Live-test\YabosenStatus.Windows\obj\Debug\net8.0-windows10.0.19041.0\win10-x64\intermediatexaml\WinRT.SourceGenerator\Generator.WinRTAotSourceGenerator\WinRTGenericInstantiation.g.cs(794,31): error CS0227: Unsafe code may only appear if compiling with /unsafe [C:\Users\razva\Documents\GitHub\Yabosen-Live-test\YabosenStatus.Windows\YabosenStatus.Windows.csproj]
C:\Users\razva\Documents\GitHub\Yabosen-Live-test\YabosenStatus.Windows\obj\Debug\net8.0-windows10.0.19041.0\win10-x64\intermediatexaml\WinRT.SourceGenerator\Generator.WinRTAotSourceGenerator\WinRTGenericInstantiation.g.cs(817,31): error CS0227: Unsafe code may only appear if compiling with /unsafe [C:\Users\razva\Documents\GitHub\Yabosen-Live-test\YabosenStatus.Windows\YabosenStatus.Windows.csproj]
C:\Users\razva\Documents\GitHub\Yabosen-Live-test\YabosenStatus.Windows\obj\Debug\net8.0-windows10.0.19041.0\win10-x64\intermediatexaml\WinRT.SourceGenerator\Generator.WinRTAotSourceGenerator\WinRTGenericInstantiation.g.cs(839,31): error CS0227: Unsafe code may only appear if compiling with /unsafe [C:\Users\razva\Documents\GitHub\Yabosen-Live-test\YabosenStatus.Windows\YabosenStatus.Windows.csproj]
C:\Users\razva\Documents\GitHub\Yabosen-Live-test\YabosenStatus.Windows\obj\Debug\net8.0-windows10.0.19041.0\win10-x64\intermediatexaml\WinRT.SourceGenerator\Generator.WinRTAotSourceGenerator\WinRTGenericInstantiation.g.cs(865,32): error CS0227: Unsafe code may only appear if compiling with /unsafe [C:\Users\razva\Documents\GitHub\Yabosen-Live-test\YabosenStatus.Windows\YabosenStatus.Windows.csproj]
C:\Users\razva\Documents\GitHub\Yabosen-Live-test\YabosenStatus.Windows\obj\Debug\net8.0-windows10.0.19041.0\win10-x64\intermediatexaml\WinRT.SourceGenerator\Generator.WinRTAotSourceGenerator\WinRTGenericInstantiation.g.cs(876,31): error CS0227: Unsafe code may only appear if compiling with /unsafe [C:\Users\razva\Documents\GitHub\Yabosen-Live-test\YabosenStatus.Windows\YabosenStatus.Windows.csproj]
C:\Users\razva\Documents\GitHub\Yabosen-Live-test\YabosenStatus.Windows\obj\Debug\net8.0-windows10.0.19041.0\win10-x64\intermediatexaml\WinRT.SourceGenerator\Generator.WinRTAotSourceGenerator\WinRTGenericInstantiation.g.cs(894,31): error CS0227: Unsafe code may only appear if compiling with /unsafe [C:\Users\razva\Documents\GitHub\Yabosen-Live-test\YabosenStatus.Windows\YabosenStatus.Windows.csproj]
C:\Users\razva\Documents\GitHub\Yabosen-Live-test\YabosenStatus.Windows\obj\Debug\net8.0-windows10.0.19041.0\win10-x64\intermediatexaml\WinRT.SourceGenerator\Generator.WinRTAotSourceGenerator\WinRTGenericInstantiation.g.cs(917,31): error CS0227: Unsafe code may only appear if compiling with /unsafe [C:\Users\razva\Documents\GitHub\Yabosen-Live-test\YabosenStatus.Windows\YabosenStatus.Windows.csproj]
C:\Users\razva\Documents\GitHub\Yabosen-Live-test\YabosenStatus.Windows\obj\Debug\net8.0-windows10.0.19041.0\win10-x64\intermediatexaml\WinRT.SourceGenerator\Generator.WinRTAotSourceGenerator\WinRTGenericInstantiation.g.cs(939,31): error CS0227: Unsafe code may only appear if compiling with /unsafe [C:\Users\razva\Documents\GitHub\Yabosen-Live-test\YabosenStatus.Windows\YabosenStatus.Windows.csproj]
C:\Users\razva\Documents\GitHub\Yabosen-Live-test\YabosenStatus.Windows\obj\Debug\net8.0-windows10.0.19041.0\win10-x64\intermediatexaml\WinRT.SourceGenerator\Generator.WinRTAotSourceGenerator\WinRTGenericInstantiation.g.cs(965,32): error CS0227: Unsafe code may only appear if compiling with /unsafe [C:\Users\razva\Documents\GitHub\Yabosen-Live-test\YabosenStatus.Windows\YabosenStatus.Windows.csproj]
C:\Users\razva\Documents\GitHub\Yabosen-Live-test\YabosenStatus.Windows\obj\Debug\net8.0-windows10.0.19041.0\win10-x64\intermediatexaml\WinRT.SourceGenerator\Generator.WinRTAotSourceGenerator\WinRTGenericInstantiation.g.cs(976,31): error CS0227: Unsafe code may only appear if compiling with /unsafe [C:\Users\razva\Documents\GitHub\Yabosen-Live-test\YabosenStatus.Windows\YabosenStatus.Windows.csproj]
C:\Users\razva\Documents\GitHub\Yabosen-Live-test\YabosenStatus.Windows\obj\Debug\net8.0-windows10.0.19041.0\win10-x64\intermediatexaml\WinRT.SourceGenerator\Generator.WinRTAotSourceGenerator\WinRTGenericInstantiation.g.cs(994,31): error CS0227: Unsafe code may only appear if compiling with /unsafe [C:\Users\razva\Documents\GitHub\Yabosen-Live-test\YabosenStatus.Windows\YabosenStatus.Windows.csproj]
C:\Users\razva\Documents\GitHub\Yabosen-Live-test\YabosenStatus.Windows\obj\Debug\net8.0-windows10.0.19041.0\win10-x64\intermediatexaml\WinRT.SourceGenerator\Generator.WinRTAotSourceGenerator\WinRTGenericInstantiation.g.cs(1017,31): error CS0227: Unsafe code may only appear if compiling with /unsafe [C:\Users\razva\Documents\GitHub\Yabosen-Live-test\YabosenStatus.Windows\YabosenStatus.Windows.csproj]
C:\Users\razva\Documents\GitHub\Yabosen-Live-test\YabosenStatus.Windows\obj\Debug\net8.0-windows10.0.19041.0\win10-x64\intermediatexaml\WinRT.SourceGenerator\Generator.WinRTAotSourceGenerator\WinRTGenericInstantiation.g.cs(1039,31): error CS0227: Unsafe code may only appear if compiling with /unsafe [C:\Users\razva\Documents\GitHub\Yabosen-Live-test\YabosenStatus.Windows\YabosenStatus.Windows.csproj]
C:\Users\razva\Documents\GitHub\Yabosen-Live-test\YabosenStatus.Windows\obj\Debug\net8.0-windows10.0.19041.0\win10-x64\intermediatexaml\WinRT.SourceGenerator\Generator.WinRTAotSourceGenerator\WinRTGenericInstantiation.g.cs(1065,32): error CS0227: Unsafe code may only appear if compiling with /unsafe [C:\Users\razva\Documents\GitHub\Yabosen-Live-test\YabosenStatus.Windows\YabosenStatus.Windows.csproj]
C:\Users\razva\Documents\GitHub\Yabosen-Live-test\YabosenStatus.Windows\obj\Debug\net8.0-windows10.0.19041.0\win10-x64\intermediatexaml\WinRT.SourceGenerator\Generator.WinRTAotSourceGenerator\WinRTGenericInstantiation.g.cs(1073,31): error CS0227: Unsafe code may only appear if compiling with /unsafe [C:\Users\razva\Documents\GitHub\Yabosen-Live-test\YabosenStatus.Windows\YabosenStatus.Windows.csproj]
C:\Users\razva\Documents\GitHub\Yabosen-Live-test\YabosenStatus.Windows\obj\Debug\net8.0-windows10.0.19041.0\win10-x64\intermediatexaml\WinRT.SourceGenerator\Generator.WinRTAotSourceGenerator\WinRTGenericInstantiation.g.cs(1096,32): error CS0227: Unsafe code may only appear if compiling with /unsafe [C:\Users\razva\Documents\GitHub\Yabosen-Live-test\YabosenStatus.Windows\YabosenStatus.Windows.csproj]
C:\Users\razva\Documents\GitHub\Yabosen-Live-test\YabosenStatus.Windows\obj\Debug\net8.0-windows10.0.19041.0\win10-x64\intermediatexaml\WinRT.SourceGenerator\Generator.WinRTAotSourceGenerator\WinRTGenericInstantiation.g.cs(1107,31): error CS0227: Unsafe code may only appear if compiling with /unsafe [C:\Users\razva\Documents\GitHub\Yabosen-Live-test\YabosenStatus.Windows\YabosenStatus.Windows.csproj]
C:\Users\razva\Documents\GitHub\Yabosen-Live-test\YabosenStatus.Windows\obj\Debug\net8.0-windows10.0.19041.0\win10-x64\intermediatexaml\WinRT.SourceGenerator\Generator.WinRTAotSourceGenerator\WinRTGenericInstantiation.g.cs(1127,31): error CS0227: Unsafe code may only appear if compiling with /unsafe [C:\Users\razva\Documents\GitHub\Yabosen-Live-test\YabosenStatus.Windows\YabosenStatus.Windows.csproj]
C:\Users\razva\Documents\GitHub\Yabosen-Live-test\YabosenStatus.Windows\obj\Debug\net8.0-windows10.0.19041.0\win10-x64\intermediatexaml\WinRT.SourceGenerator\Generator.WinRTAotSourceGenerator\WinRTGenericInstantiation.g.cs(1149,31): error CS0227: Unsafe code may only appear if compiling with /unsafe [C:\Users\razva\Documents\GitHub\Yabosen-Live-test\YabosenStatus.Windows\YabosenStatus.Windows.csproj]
C:\Users\razva\Documents\GitHub\Yabosen-Live-test\YabosenStatus.Windows\obj\Debug\net8.0-windows10.0.19041.0\win10-x64\intermediatexaml\WinRT.SourceGenerator\Generator.WinRTAotSourceGenerator\WinRTGenericInstantiation.g.cs(1169,31): error CS0227: Unsafe code may only appear if compiling with /unsafe [C:\Users\razva\Documents\GitHub\Yabosen-Live-test\YabosenStatus.Windows\YabosenStatus.Windows.csproj]
C:\Users\razva\Documents\GitHub\Yabosen-Live-test\YabosenStatus.Windows\obj\Debug\net8.0-windows10.0.19041.0\win10-x64\intermediatexaml\WinRT.SourceGenerator\Generator.WinRTAotSourceGenerator\WinRTGenericInstantiation.g.cs(1195,32): error CS0227: Unsafe code may only appear if compiling with /unsafe [C:\Users\razva\Documents\GitHub\Yabosen-Live-test\YabosenStatus.Windows\YabosenStatus.Windows.csproj]
C:\Users\razva\Documents\GitHub\Yabosen-Live-test\YabosenStatus.Windows\obj\Debug\net8.0-windows10.0.19041.0\win10-x64\intermediatexaml\WinRT.SourceGenerator\Generator.WinRTAotSourceGenerator\WinRTGenericInstantiation.g.cs(1214,31): error CS0227: Unsafe code may only appear if compiling with /unsafe [C:\Users\razva\Documents\GitHub\Yabosen-Live-test\YabosenStatus.Windows\YabosenStatus.Windows.csproj]
C:\Users\razva\Documents\GitHub\Yabosen-Live-test\YabosenStatus.Windows\obj\Debug\net8.0-windows10.0.19041.0\win10-x64\intermediatexaml\WinRT.SourceGenerator\Generator.WinRTAotSourceGenerator\WinRTGenericInstantiation.g.cs(1232,31): error CS0227: Unsafe code may only appear if compiling with /unsafe [C:\Users\razva\Documents\GitHub\Yabosen-Live-test\YabosenStatus.Windows\YabosenStatus.Windows.csproj]
C:\Users\razva\Documents\GitHub\Yabosen-Live-test\YabosenStatus.Windows\obj\Debug\net8.0-windows10.0.19041.0\win10-x64\intermediatexaml\WinRT.SourceGenerator\Generator.WinRTAotSourceGenerator\WinRTGenericInstantiation.g.cs(1251,31): error CS0227: Unsafe code may only appear if compiling with /unsafe [C:\Users\razva\Documents\GitHub\Yabosen-Live-test\YabosenStatus.Windows\YabosenStatus.Windows.csproj]
C:\Users\razva\Documents\GitHub\Yabosen-Live-test\YabosenStatus.Windows\obj\Debug\net8.0-windows10.0.19041.0\win10-x64\intermediatexaml\WinRT.SourceGenerator\Generator.WinRTAotSourceGenerator\WinRTGenericInstantiation.g.cs(1274,31): error CS0227: Unsafe code may only appear if compiling with /unsafe [C:\Users\razva\Documents\GitHub\Yabosen-Live-test\YabosenStatus.Windows\YabosenStatus.Windows.csproj]
C:\Users\razva\Documents\GitHub\Yabosen-Live-test\YabosenStatus.Windows\obj\Debug\net8.0-windows10.0.19041.0\win10-x64\intermediatexaml\WinRT.SourceGenerator\Generator.WinRTAotSourceGenerator\WinRTGenericInstantiation.g.cs(1289,31): error CS0227: Unsafe code may only appear if compiling with /unsafe [C:\Users\razva\Documents\GitHub\Yabosen-Live-test\YabosenStatus.Windows\YabosenStatus.Windows.csproj]
C:\Users\razva\Documents\GitHub\Yabosen-Live-test\YabosenStatus.Windows\obj\Debug\net8.0-windows10.0.19041.0\win10-x64\intermediatexaml\WinRT.SourceGenerator\Generator.WinRTAotSourceGenerator\WinRTGenericInstantiation.g.cs(1304,31): error CS0227: Unsafe code may only appear if compiling with /unsafe [C:\Users\razva\Documents\GitHub\Yabosen-Live-test\YabosenStatus.Windows\YabosenStatus.Windows.csproj]
C:\Users\razva\Documents\GitHub\Yabosen-Live-test\YabosenStatus.Windows\obj\Debug\net8.0-windows10.0.19041.0\win10-x64\intermediatexaml\WinRT.SourceGenerator\Generator.WinRTAotSourceGenerator\WinRTGenericInstantiation.g.cs(1319,31): error CS0227: Unsafe code may only appear if compiling with /unsafe [C:\Users\razva\Documents\GitHub\Yabosen-Live-test\YabosenStatus.Windows\YabosenStatus.Windows.csproj]
C:\Users\razva\Documents\GitHub\Yabosen-Live-test\YabosenStatus.Windows\obj\Debug\net8.0-windows10.0.19041.0\win10-x64\intermediatexaml\WinRT.SourceGenerator\Generator.WinRTAotSourceGenerator\WinRTGenericInstantiation.g.cs(1334,31): error CS0227: Unsafe code may only appear if compiling with /unsafe [C:\Users\razva\Documents\GitHub\Yabosen-Live-test\YabosenStatus.Windows\YabosenStatus.Windows.csproj]
C:\Users\razva\Documents\GitHub\Yabosen-Live-test\YabosenStatus.Windows\obj\Debug\net8.0-windows10.0.19041.0\win10-x64\intermediatexaml\WinRT.SourceGenerator\Generator.WinRTAotSourceGenerator\WinRTGenericInstantiation.g.cs(1349,31): error CS0227: Unsafe code may only appear if compiling with /unsafe [C:\Users\razva\Documents\GitHub\Yabosen-Live-test\YabosenStatus.Windows\YabosenStatus.Windows.csproj]
C:\Users\razva\Documents\GitHub\Yabosen-Live-test\YabosenStatus.Windows\obj\Debug\net8.0-windows10.0.19041.0\win10-x64\intermediatexaml\WinRT.SourceGenerator\Generator.WinRTAotSourceGenerator\WinRTGenericInstantiation.g.cs(1364,31): error CS0227: Unsafe code may only appear if compiling with /unsafe [C:\Users\razva\Documents\GitHub\Yabosen-Live-test\YabosenStatus.Windows\YabosenStatus.Windows.csproj]
C:\Users\razva\Documents\GitHub\Yabosen-Live-test\YabosenStatus.Windows\obj\Debug\net8.0-windows10.0.19041.0\win10-x64\intermediatexaml\WinRT.SourceGenerator\Generator.WinRTAotSourceGenerator\WinRTGenericInstantiation.g.cs(1386,31): error CS0227: Unsafe code may only appear if compiling with /unsafe [C:\Users\razva\Documents\GitHub\Yabosen-Live-test\YabosenStatus.Windows\YabosenStatus.Windows.csproj]
C:\Users\razva\Documents\GitHub\Yabosen-Live-test\YabosenStatus.Windows\obj\Debug\net8.0-windows10.0.19041.0\win10-x64\intermediatexaml\WinRT.SourceGenerator\Generator.WinRTAotSourceGenerator\WinRTGenericInstantiation.g.cs(1401,31): error CS0227: Unsafe code may only appear if compiling with /unsafe [C:\Users\razva\Documents\GitHub\Yabosen-Live-test\YabosenStatus.Windows\YabosenStatus.Windows.csproj]
    0 Warning(s)
    75 Error(s)

Time Elapsed 00:00:08.73
